../Core/Src/main.c:172:5:main	8	static
../Core/Src/main.c:272:6:SystemClock_Config	88	static
../Core/Src/main.c:314:13:MX_TIM2_Init	64	static
../Core/Src/main.c:373:13:MX_TIM3_Init	64	static
../Core/Src/main.c:432:13:MX_TIM4_Init	64	static
../Core/Src/main.c:491:13:MX_TIM5_Init	64	static
../Core/Src/main.c:550:13:MX_USART3_UART_Init	8	static
../Core/Src/main.c:585:13:MX_GPIO_Init	48	static
../Core/Src/main.c:647:13:update_motion_done	4	static
../Core/Src/main.c:667:24:mm_to_steps	32	static
../Core/Src/main.c:679:13:start_x_move_mm	24	static
../Core/Src/main.c:715:13:start_y_move_mm	24	static
../Core/Src/main.c:768:13:start_z_move_mm	24	static
../Core/Src/main.c:803:6:MoveToXYZ_mm	40	static
../Core/Src/main.c:825:20:tim_set_arr_ccr50	16	static
../Core/Src/main.c:871:20:ramp_prepare	40	static
../Core/Src/main.c:896:20:ramp_update_fast	104	static
../Core/Src/main.c:947:6:HAL_UART_RxCpltCallback	40	static
../Core/Src/main.c:993:6:StartDefaultTask	16	static
../Core/Src/main.c:1057:6:StartTask02	16	static
../Core/Src/main.c:1082:6:MPU_Config	24	static
../Core/Src/main.c:1117:6:HAL_TIM_PeriodElapsedCallback	16	static
../Core/Src/main.c:1198:6:Error_Handler	4	static,ignoring_inline_asm
