../Core/Src/main.c:172:5:main	8	static
../Core/Src/main.c:272:6:SystemClock_Config	88	static
../Core/Src/main.c:314:13:MX_TIM2_Init	64	static
../Core/Src/main.c:373:13:MX_TIM3_Init	64	static
../Core/Src/main.c:432:13:MX_TIM4_Init	64	static
../Core/Src/main.c:491:13:MX_TIM5_Init	64	static
../Core/Src/main.c:550:13:MX_USART3_UART_Init	8	static
../Core/Src/main.c:585:13:MX_GPIO_Init	40	static
../Core/Src/main.c:636:13:update_motion_done	4	static
../Core/Src/main.c:656:24:mm_to_steps	32	static
../Core/Src/main.c:668:13:start_x_move_mm	24	static
../Core/Src/main.c:704:13:start_y_move_mm	24	static
../Core/Src/main.c:757:13:start_z_move_mm	24	static
../Core/Src/main.c:792:6:MoveToXYZ_mm	40	static
../Core/Src/main.c:814:20:tim_set_arr_ccr50	16	static
../Core/Src/main.c:860:20:ramp_prepare	40	static
../Core/Src/main.c:885:20:ramp_update_fast	104	static
../Core/Src/main.c:936:6:HAL_UART_RxCpltCallback	40	static
../Core/Src/main.c:982:6:StartDefaultTask	16	static
../Core/Src/main.c:1011:6:StartTask02	16	static
../Core/Src/main.c:1036:6:MPU_Config	24	static
../Core/Src/main.c:1071:6:HAL_TIM_PeriodElapsedCallback	16	static
../Core/Src/main.c:1152:6:Error_Handler	4	static,ignoring_inline_asm
